// Jest Snapshot v1, https://goo.gl/fbAQLP

exports[`Menu should match the snapshot 1`] = `
<nav>
  <h1>
    What's New?
  </h1>
  <div
    className="menu-btns"
  >
    <button
      id="local"
    >
      Local
    </button>
    <button
      id="entertainment"
    >
      Entertainment
    </button>
    <button
      id="science"
    >
      Science
    </button>
    <button
      id="health"
    >
      Health
    </button>
    <button
      id="technology"
    >
      Technology
    </button>
  </div>
</nav>
`;
